[0m[INFO] [1790288085.289857057] [sih_pose_audit]: pose audit on /world/sih_avian_final/dynamic_pose/info, model x500_lidar_2d_0[0m
Exception sending a multicast message:Network is unreachable
Exception sending a multicast message:Network is unreachable
Exception sending a multicast message:Network is unreachable
Exception sending a multicast message:Network is unreachable
Exception sending a multicast message:Network is unreachable
Exception sending a multicast message:Network is unreachable
Exception sending a multicast message:Network is unreachable
Exception sending a multicast message:Network is unreachable
Exception sending a multicast message:Network is unreachable
Exception sending a multicast message:Network is unreachable
Exception sending a multicast message:Network is unreachable
Exception sending a multicast message:Network is unreachable
Exception sending a multicast message:Network is unreachable
Exception sending a multicast message:Network is unreachable
Exception sending a multicast message:Network is unreachable
Exception sending a multicast message:Network is unreachable
Exception sending a multicast message:Network is unreachable
Exception sending a multicast message:Network is unreachable
Exception sending a multicast message:Network is unreachable
Exception sending a multicast message:Network is unreachable
Exception sending a multicast message:Network is unreachable
Exception sending a multicast message:Network is unreachable
Exception sending a multicast message:Network is unreachable
Exception sending a multicast message:Network is unreachable
Exception sending a multicast message:Network is unreachable
Exception sending a multicast message:Network is unreachable
Exception sending a multicast message:Network is unreachable
Exception sending a multicast message:Network is unreachable
Exception sending a multicast message:Network is unreachable
Exception sending a multicast message:Network is unreachable
Exception sending a multicast message:Network is unreachable
Exception sending a multicast message:Network is unreachable
Exception sending a multicast message:Network is unreachable
Exception sending a multicast message:Network is unreachable
Exception sending a multicast message:Network is unreachable
Exception sending a multicast message:Network is unreachable
Exception sending a multicast message:Network is unreachable
Exception sending a multicast message:Network is unreachable
Exception sending a multicast message:Network is unreachable
Exception sending a multicast message:Network is unreachable
Exception sending a multicast message:Network is unreachable
Exception sending a multicast message:Network is unreachable
Exception sending a multicast message:Network is unreachable
Exception sending a multicast message:Network is unreachable
Exception sending a multicast message:Network is unreachable
Exception sending a multicast message:Network is unreachable
Exception sending a multicast message:Network is unreachable
Exception sending a multicast message:Network is unreachable
Exception sending a multicast message:Network is unreachable
Traceback (most recent call last):
  File "/home/prince/avian_rev_c/SIH_AVIAN_FINAL/gazebo/mission_follower/pose_audit_node.py", line 168, in <module>
    main()
  File "/home/prince/avian_rev_c/SIH_AVIAN_FINAL/gazebo/mission_follower/pose_audit_node.py", line 158, in main
    rclpy.spin(n)
  File "/opt/ros/jazzy/lib/python3.12/site-packages/rclpy/__init__.py", line 247, in spin
    executor.spin_once()
  File "/opt/ros/jazzy/lib/python3.12/site-packages/rclpy/executors.py", line 926, in spin_once
    self._spin_once_impl(timeout_sec)
  File "/opt/ros/jazzy/lib/python3.12/site-packages/rclpy/executors.py", line 907, in _spin_once_impl
    handler, entity, node = self.wait_for_ready_callbacks(
                            ^^^^^^^^^^^^^^^^^^^^^^^^^^^^^^
  File "/opt/ros/jazzy/lib/python3.12/site-packages/rclpy/executors.py", line 877, in wait_for_ready_callbacks
    return next(self._cb_iter)
           ^^^^^^^^^^^^^^^^^^^
  File "/opt/ros/jazzy/lib/python3.12/site-packages/rclpy/executors.py", line 785, in _wait_for_ready_callbacks
    raise ExternalShutdownException()
rclpy.executors.ExternalShutdownException
